37.146.93.134 - - [22/Dec/2015:22:18:06 +0300] "GET / HTTP/1.1" 502 574 "-" "Mozilla/5.0 (Windows NT 6.1; WOW64) AppleWebKit/537.36 (KHTML, like Gecko) Chrome/47.0.2526.106 Safari/537.36"
37.146.93.134 - - [22/Dec/2015:22:18:06 +0300] "GET /favicon.ico HTTP/1.1" 502 574 "http://theconscience.ru:8000/" "Mozilla/5.0 (Windows NT 6.1; WOW64) AppleWebKit/537.36 (KHTML, like Gecko) Chrome/47.0.2526.106 Safari/537.36"
37.146.93.134 - - [22/Dec/2015:22:18:53 +0300] "GET / HTTP/1.1" 502 574 "-" "Mozilla/5.0 (Windows NT 6.1; WOW64) AppleWebKit/537.36 (KHTML, like Gecko) Chrome/47.0.2526.106 Safari/537.36"
37.146.93.134 - - [22/Dec/2015:22:18:53 +0300] "GET /favicon.ico HTTP/1.1" 502 574 "http://theconscience.ru:8000/" "Mozilla/5.0 (Windows NT 6.1; WOW64) AppleWebKit/537.36 (KHTML, like Gecko) Chrome/47.0.2526.106 Safari/537.36"
37.146.93.134 - - [22/Dec/2015:22:18:58 +0300] "GET /media/ HTTP/1.1" 403 570 "-" "Mozilla/5.0 (Windows NT 6.1; WOW64) AppleWebKit/537.36 (KHTML, like Gecko) Chrome/47.0.2526.106 Safari/537.36"
37.146.93.134 - - [22/Dec/2015:22:18:58 +0300] "GET /favicon.ico HTTP/1.1" 502 574 "http://theconscience.ru:8000/media/" "Mozilla/5.0 (Windows NT 6.1; WOW64) AppleWebKit/537.36 (KHTML, like Gecko) Chrome/47.0.2526.106 Safari/537.36"
37.146.93.134 - - [22/Dec/2015:22:19:31 +0300] "GET /media/123.ico HTTP/1.1" 200 1734 "-" "Mozilla/5.0 (Windows NT 6.1; WOW64) AppleWebKit/537.36 (KHTML, like Gecko) Chrome/47.0.2526.106 Safari/537.36"
37.146.93.134 - - [22/Dec/2015:22:19:31 +0300] "GET /favicon.ico HTTP/1.1" 502 574 "http://theconscience.ru:8000/media/123.ico" "Mozilla/5.0 (Windows NT 6.1; WOW64) AppleWebKit/537.36 (KHTML, like Gecko) Chrome/47.0.2526.106 Safari/537.36"
37.146.93.134 - - [22/Dec/2015:22:20:21 +0300] "GET /media/123.ico HTTP/1.1" 200 1734 "-" "Mozilla/5.0 (Windows NT 6.1; WOW64) AppleWebKit/537.36 (KHTML, like Gecko) Chrome/47.0.2526.106 Safari/537.36"
37.146.93.134 - - [22/Dec/2015:22:20:25 +0300] "GET /media/123.ico HTTP/1.1" 200 1734 "-" "Mozilla/5.0 (Windows NT 6.1; WOW64) AppleWebKit/537.36 (KHTML, like Gecko) Chrome/47.0.2526.106 Safari/537.36"
37.146.93.134 - - [22/Dec/2015:22:20:25 +0300] "GET /favicon.ico HTTP/1.1" 502 574 "http://theconscience.ru/media/123.ico" "Mozilla/5.0 (Windows NT 6.1; WOW64) AppleWebKit/537.36 (KHTML, like Gecko) Chrome/47.0.2526.106 Safari/537.36"
37.146.93.134 - - [22/Dec/2015:22:20:28 +0300] "GET /media/123.ico HTTP/1.1" 304 0 "-" "Mozilla/5.0 (Windows NT 6.1; WOW64) AppleWebKit/537.36 (KHTML, like Gecko) Chrome/47.0.2526.106 Safari/537.36"
37.146.93.134 - - [22/Dec/2015:22:20:29 +0300] "GET /favicon.ico HTTP/1.1" 502 574 "http://theconscience.ru/media/123.ico" "Mozilla/5.0 (Windows NT 6.1; WOW64) AppleWebKit/537.36 (KHTML, like Gecko) Chrome/47.0.2526.106 Safari/537.36"
104.148.38.2 - - [22/Dec/2015:22:26:55 +0300] "GET http://www.baidu.com/ HTTP/1.1" 502 574 "-" "Mozilla/5.0 (compatible; MSIE 8.0; Windows NT 6.1; Trident/5.0)"
104.148.38.2 - - [22/Dec/2015:22:26:56 +0300] "CONNECT www.alipay.com:443 HTTP/1.1" 400 172 "-" "-"
37.146.93.134 - - [22/Dec/2015:22:40:31 +0300] "GET / HTTP/1.1" 502 574 "-" "Mozilla/5.0 (Windows NT 6.1; WOW64) AppleWebKit/537.36 (KHTML, like Gecko) Chrome/47.0.2526.106 Safari/537.36"
37.146.93.134 - - [22/Dec/2015:22:40:31 +0300] "GET /favicon.ico HTTP/1.1" 502 574 "http://theconscience.ru:8000/" "Mozilla/5.0 (Windows NT 6.1; WOW64) AppleWebKit/537.36 (KHTML, like Gecko) Chrome/47.0.2526.106 Safari/537.36"
37.146.93.134 - - [22/Dec/2015:22:41:50 +0300] "GET / HTTP/1.1" 502 574 "-" "Mozilla/5.0 (Windows NT 6.1; WOW64) AppleWebKit/537.36 (KHTML, like Gecko) Chrome/47.0.2526.106 Safari/537.36"
37.146.93.134 - - [22/Dec/2015:22:41:50 +0300] "GET /favicon.ico HTTP/1.1" 502 574 "http://theconscience.ru:8000/" "Mozilla/5.0 (Windows NT 6.1; WOW64) AppleWebKit/537.36 (KHTML, like Gecko) Chrome/47.0.2526.106 Safari/537.36"
37.146.93.134 - - [22/Dec/2015:22:41:51 +0300] "GET / HTTP/1.1" 502 574 "-" "Mozilla/5.0 (Windows NT 6.1; WOW64) AppleWebKit/537.36 (KHTML, like Gecko) Chrome/47.0.2526.106 Safari/537.36"
37.146.93.134 - - [22/Dec/2015:22:41:51 +0300] "GET /favicon.ico HTTP/1.1" 502 574 "http://theconscience.ru:8000/" "Mozilla/5.0 (Windows NT 6.1; WOW64) AppleWebKit/537.36 (KHTML, like Gecko) Chrome/47.0.2526.106 Safari/537.36"
37.146.93.134 - - [22/Dec/2015:22:42:31 +0300] "GET / HTTP/1.1" 500 32 "-" "Mozilla/5.0 (Windows NT 6.1; WOW64) AppleWebKit/537.36 (KHTML, like Gecko) Chrome/47.0.2526.106 Safari/537.36"
37.146.93.134 - - [22/Dec/2015:22:42:31 +0300] "GET /favicon.ico HTTP/1.1" 500 32 "http://theconscience.ru:8000/" "Mozilla/5.0 (Windows NT 6.1; WOW64) AppleWebKit/537.36 (KHTML, like Gecko) Chrome/47.0.2526.106 Safari/537.36"
37.146.93.134 - - [22/Dec/2015:22:43:41 +0300] "GET / HTTP/1.1" 500 32 "-" "Mozilla/5.0 (Windows NT 6.1; WOW64) AppleWebKit/537.36 (KHTML, like Gecko) Chrome/47.0.2526.106 Safari/537.36"
37.146.93.134 - - [22/Dec/2015:22:43:41 +0300] "GET /favicon.ico HTTP/1.1" 500 32 "http://theconscience.ru:8000/" "Mozilla/5.0 (Windows NT 6.1; WOW64) AppleWebKit/537.36 (KHTML, like Gecko) Chrome/47.0.2526.106 Safari/537.36"
37.146.93.134 - - [22/Dec/2015:22:43:42 +0300] "GET / HTTP/1.1" 500 32 "-" "Mozilla/5.0 (Windows NT 6.1; WOW64) AppleWebKit/537.36 (KHTML, like Gecko) Chrome/47.0.2526.106 Safari/537.36"
37.146.93.134 - - [22/Dec/2015:22:43:42 +0300] "GET /favicon.ico HTTP/1.1" 500 32 "http://theconscience.ru:8000/" "Mozilla/5.0 (Windows NT 6.1; WOW64) AppleWebKit/537.36 (KHTML, like Gecko) Chrome/47.0.2526.106 Safari/537.36"
37.146.93.134 - - [22/Dec/2015:22:44:24 +0300] "GET / HTTP/1.1" 500 32 "-" "Mozilla/5.0 (Windows NT 6.1; WOW64) AppleWebKit/537.36 (KHTML, like Gecko) Chrome/47.0.2526.106 Safari/537.36"
37.146.93.134 - - [22/Dec/2015:22:44:24 +0300] "GET /favicon.ico HTTP/1.1" 500 32 "http://theconscience.ru:8000/" "Mozilla/5.0 (Windows NT 6.1; WOW64) AppleWebKit/537.36 (KHTML, like Gecko) Chrome/47.0.2526.106 Safari/537.36"
37.146.93.134 - - [22/Dec/2015:22:46:36 +0300] "GET / HTTP/1.1" 500 32 "-" "Mozilla/5.0 (Windows NT 6.1; WOW64) AppleWebKit/537.36 (KHTML, like Gecko) Chrome/47.0.2526.106 Safari/537.36"
37.146.93.134 - - [22/Dec/2015:22:46:36 +0300] "GET /favicon.ico HTTP/1.1" 500 32 "http://theconscience.ru:8000/" "Mozilla/5.0 (Windows NT 6.1; WOW64) AppleWebKit/537.36 (KHTML, like Gecko) Chrome/47.0.2526.106 Safari/537.36"
37.146.93.134 - - [22/Dec/2015:22:46:39 +0300] "GET / HTTP/1.1" 500 32 "-" "Mozilla/5.0 (Windows NT 6.1; WOW64) AppleWebKit/537.36 (KHTML, like Gecko) Chrome/47.0.2526.106 Safari/537.36"
37.146.93.134 - - [22/Dec/2015:22:46:39 +0300] "GET /favicon.ico HTTP/1.1" 500 32 "http://theconscience.ru:8000/" "Mozilla/5.0 (Windows NT 6.1; WOW64) AppleWebKit/537.36 (KHTML, like Gecko) Chrome/47.0.2526.106 Safari/537.36"
37.146.93.134 - - [22/Dec/2015:22:47:26 +0300] "GET / HTTP/1.1" 404 2154 "-" "Mozilla/5.0 (Windows NT 6.1; WOW64) AppleWebKit/537.36 (KHTML, like Gecko) Chrome/47.0.2526.106 Safari/537.36"
37.146.93.134 - - [22/Dec/2015:22:47:26 +0300] "GET /favicon.ico HTTP/1.1" 404 2187 "http://theconscience.ru:8000/" "Mozilla/5.0 (Windows NT 6.1; WOW64) AppleWebKit/537.36 (KHTML, like Gecko) Chrome/47.0.2526.106 Safari/537.36"
37.146.93.134 - - [22/Dec/2015:22:47:32 +0300] "GET /admin HTTP/1.1" 301 5 "-" "Mozilla/5.0 (Windows NT 6.1; WOW64) AppleWebKit/537.36 (KHTML, like Gecko) Chrome/47.0.2526.106 Safari/537.36"
37.146.93.134 - - [22/Dec/2015:22:47:32 +0300] "GET /admin/ HTTP/1.1" 302 5 "-" "Mozilla/5.0 (Windows NT 6.1; WOW64) AppleWebKit/537.36 (KHTML, like Gecko) Chrome/47.0.2526.106 Safari/537.36"
37.146.93.134 - - [22/Dec/2015:22:47:33 +0300] "GET /admin/login/?next=/admin/ HTTP/1.1" 200 1691 "-" "Mozilla/5.0 (Windows NT 6.1; WOW64) AppleWebKit/537.36 (KHTML, like Gecko) Chrome/47.0.2526.106 Safari/537.36"
37.146.93.134 - - [22/Dec/2015:22:47:33 +0300] "GET /static/admin/css/base.css HTTP/1.1" 200 15897 "http://theconscience.ru:8000/admin/login/?next=/admin/" "Mozilla/5.0 (Windows NT 6.1; WOW64) AppleWebKit/537.36 (KHTML, like Gecko) Chrome/47.0.2526.106 Safari/537.36"
37.146.93.134 - - [22/Dec/2015:22:47:33 +0300] "GET /static/admin/css/login.css HTTP/1.1" 200 1203 "http://theconscience.ru:8000/admin/login/?next=/admin/" "Mozilla/5.0 (Windows NT 6.1; WOW64) AppleWebKit/537.36 (KHTML, like Gecko) Chrome/47.0.2526.106 Safari/537.36"
37.146.93.134 - - [22/Dec/2015:22:47:33 +0300] "GET /static/admin/css/fonts.css HTTP/1.1" 200 423 "http://theconscience.ru:8000/admin/login/?next=/admin/" "Mozilla/5.0 (Windows NT 6.1; WOW64) AppleWebKit/537.36 (KHTML, like Gecko) Chrome/47.0.2526.106 Safari/537.36"
37.146.93.134 - - [22/Dec/2015:22:47:33 +0300] "GET /static/admin/fonts/Roboto-Light-webfont.woff HTTP/1.1" 200 81348 "http://theconscience.ru:8000/static/admin/css/fonts.css" "Mozilla/5.0 (Windows NT 6.1; WOW64) AppleWebKit/537.36 (KHTML, like Gecko) Chrome/47.0.2526.106 Safari/537.36"
37.146.93.134 - - [22/Dec/2015:22:47:33 +0300] "GET /static/admin/fonts/Roboto-Regular-webfont.woff HTTP/1.1" 200 80304 "http://theconscience.ru:8000/static/admin/css/fonts.css" "Mozilla/5.0 (Windows NT 6.1; WOW64) AppleWebKit/537.36 (KHTML, like Gecko) Chrome/47.0.2526.106 Safari/537.36"
37.146.93.134 - - [22/Dec/2015:22:49:49 +0300] "GET /helloworld/ HTTP/1.1" 502 574 "-" "Mozilla/5.0 (Windows NT 6.1; WOW64) AppleWebKit/537.36 (KHTML, like Gecko) Chrome/47.0.2526.106 Safari/537.36"
37.146.93.134 - - [22/Dec/2015:22:49:53 +0300] "GET /helloworld2/ HTTP/1.1" 502 574 "-" "Mozilla/5.0 (Windows NT 6.1; WOW64) AppleWebKit/537.36 (KHTML, like Gecko) Chrome/47.0.2526.106 Safari/537.36"
37.146.93.134 - - [22/Dec/2015:22:49:56 +0300] "GET / HTTP/1.1" 502 574 "-" "Mozilla/5.0 (Windows NT 6.1; WOW64) AppleWebKit/537.36 (KHTML, like Gecko) Chrome/47.0.2526.106 Safari/537.36"
37.146.93.134 - - [22/Dec/2015:22:50:00 +0300] "GET /admin/ HTTP/1.1" 502 574 "-" "Mozilla/5.0 (Windows NT 6.1; WOW64) AppleWebKit/537.36 (KHTML, like Gecko) Chrome/47.0.2526.106 Safari/537.36"
37.146.93.134 - - [22/Dec/2015:22:52:23 +0300] "GET /admin/ HTTP/1.1" 302 5 "-" "Mozilla/5.0 (Windows NT 6.1; WOW64) AppleWebKit/537.36 (KHTML, like Gecko) Chrome/47.0.2526.106 Safari/537.36"
37.146.93.134 - - [22/Dec/2015:22:52:23 +0300] "GET /admin/login/?next=/admin/ HTTP/1.1" 200 1691 "-" "Mozilla/5.0 (Windows NT 6.1; WOW64) AppleWebKit/537.36 (KHTML, like Gecko) Chrome/47.0.2526.106 Safari/537.36"
37.146.93.134 - - [22/Dec/2015:22:55:31 +0300] "GET /admin/login/?next=/admin/ HTTP/1.1" 502 574 "-" "Mozilla/5.0 (Windows NT 6.1; WOW64) AppleWebKit/537.36 (KHTML, like Gecko) Chrome/47.0.2526.106 Safari/537.36"
37.146.93.134 - - [22/Dec/2015:22:55:33 +0300] "GET /admin/ HTTP/1.1" 502 574 "-" "Mozilla/5.0 (Windows NT 6.1; WOW64) AppleWebKit/537.36 (KHTML, like Gecko) Chrome/47.0.2526.106 Safari/537.36"
37.146.93.134 - - [22/Dec/2015:22:59:48 +0300] "GET /admin/ HTTP/1.1" 502 574 "-" "Mozilla/5.0 (Windows NT 6.1; WOW64) AppleWebKit/537.36 (KHTML, like Gecko) Chrome/47.0.2526.106 Safari/537.36"
37.146.93.134 - - [22/Dec/2015:23:00:46 +0300] "GET /admin/ HTTP/1.1" 500 32 "-" "Mozilla/5.0 (Windows NT 6.1; WOW64) AppleWebKit/537.36 (KHTML, like Gecko) Chrome/47.0.2526.106 Safari/537.36"
37.146.93.134 - - [22/Dec/2015:23:01:18 +0300] "GET /admin/ HTTP/1.1" 302 5 "-" "Mozilla/5.0 (Windows NT 6.1; WOW64) AppleWebKit/537.36 (KHTML, like Gecko) Chrome/47.0.2526.106 Safari/537.36"
37.146.93.134 - - [22/Dec/2015:23:01:19 +0300] "GET /admin/login/?next=/admin/ HTTP/1.1" 200 1691 "-" "Mozilla/5.0 (Windows NT 6.1; WOW64) AppleWebKit/537.36 (KHTML, like Gecko) Chrome/47.0.2526.106 Safari/537.36"
37.146.93.134 - - [22/Dec/2015:23:02:10 +0300] "GET / HTTP/1.1" 404 2154 "-" "Mozilla/5.0 (Windows NT 6.1; WOW64) AppleWebKit/537.36 (KHTML, like Gecko) Chrome/47.0.2526.106 Safari/537.36"
37.146.93.134 - - [22/Dec/2015:23:02:13 +0300] "GET /admin/ HTTP/1.1" 302 5 "-" "Mozilla/5.0 (Windows NT 6.1; WOW64) AppleWebKit/537.36 (KHTML, like Gecko) Chrome/47.0.2526.106 Safari/537.36"
37.146.93.134 - - [22/Dec/2015:23:02:14 +0300] "GET /admin/login/?next=/admin/ HTTP/1.1" 200 1691 "-" "Mozilla/5.0 (Windows NT 6.1; WOW64) AppleWebKit/537.36 (KHTML, like Gecko) Chrome/47.0.2526.106 Safari/537.36"
37.146.93.134 - - [22/Dec/2015:23:03:07 +0300] "GET /media/123.ico HTTP/1.1" 200 1734 "-" "Mozilla/5.0 (Windows NT 6.1; WOW64) AppleWebKit/537.36 (KHTML, like Gecko) Chrome/47.0.2526.106 Safari/537.36"
37.146.93.134 - - [22/Dec/2015:23:03:07 +0300] "GET /favicon.ico HTTP/1.1" 404 2187 "http://theconscience.ru:8000/media/123.ico" "Mozilla/5.0 (Windows NT 6.1; WOW64) AppleWebKit/537.36 (KHTML, like Gecko) Chrome/47.0.2526.106 Safari/537.36"
37.146.93.134 - - [22/Dec/2015:23:05:14 +0300] "GET /admin/ HTTP/1.1" 302 5 "-" "Mozilla/5.0 (Windows NT 6.1; WOW64) AppleWebKit/537.36 (KHTML, like Gecko) Chrome/47.0.2526.106 Safari/537.36"
37.146.93.134 - - [22/Dec/2015:23:05:14 +0300] "GET /admin/ HTTP/1.1" 302 5 "-" "Mozilla/5.0 (Windows NT 6.1; WOW64) AppleWebKit/537.36 (KHTML, like Gecko) Chrome/47.0.2526.106 Safari/537.36"
37.146.93.134 - - [22/Dec/2015:23:05:14 +0300] "GET /admin/login/?next=/admin/ HTTP/1.1" 200 1691 "-" "Mozilla/5.0 (Windows NT 6.1; WOW64) AppleWebKit/537.36 (KHTML, like Gecko) Chrome/47.0.2526.106 Safari/537.36"
37.146.93.134 - - [22/Dec/2015:23:06:55 +0300] "GET /admin/ HTTP/1.1" 502 574 "-" "Mozilla/5.0 (Windows NT 6.1; WOW64) AppleWebKit/537.36 (KHTML, like Gecko) Chrome/47.0.2526.106 Safari/537.36"
37.146.93.134 - - [22/Dec/2015:23:07:31 +0300] "GET /admin/ HTTP/1.1" 302 5 "-" "Mozilla/5.0 (Windows NT 6.1; WOW64) AppleWebKit/537.36 (KHTML, like Gecko) Chrome/47.0.2526.106 Safari/537.36"
37.146.93.134 - - [22/Dec/2015:23:07:31 +0300] "GET /admin/login/?next=/admin/ HTTP/1.1" 200 1691 "-" "Mozilla/5.0 (Windows NT 6.1; WOW64) AppleWebKit/537.36 (KHTML, like Gecko) Chrome/47.0.2526.106 Safari/537.36"
37.146.93.134 - - [22/Dec/2015:23:07:42 +0300] "GET /admin/ HTTP/1.1" 502 574 "-" "Mozilla/5.0 (Windows NT 6.1; WOW64) AppleWebKit/537.36 (KHTML, like Gecko) Chrome/47.0.2526.106 Safari/537.36"
37.146.93.134 - - [22/Dec/2015:23:10:19 +0300] "GET /admin/ HTTP/1.1" 302 5 "-" "Mozilla/5.0 (Windows NT 6.1; WOW64) AppleWebKit/537.36 (KHTML, like Gecko) Chrome/47.0.2526.106 Safari/537.36"
37.146.93.134 - - [22/Dec/2015:23:10:19 +0300] "GET /admin/login/?next=/admin/ HTTP/1.1" 200 1691 "-" "Mozilla/5.0 (Windows NT 6.1; WOW64) AppleWebKit/537.36 (KHTML, like Gecko) Chrome/47.0.2526.106 Safari/537.36"
37.146.93.134 - - [22/Dec/2015:23:10:19 +0300] "GET /favicon.ico HTTP/1.1" 404 2182 "http://theconscience.ru/admin/login/?next=/admin/" "Mozilla/5.0 (Windows NT 6.1; WOW64) AppleWebKit/537.36 (KHTML, like Gecko) Chrome/47.0.2526.106 Safari/537.36"
37.146.93.134 - - [22/Dec/2015:23:10:25 +0300] "GET /dev8005/ HTTP/1.1" 404 2152 "-" "Mozilla/5.0 (Windows NT 6.1; WOW64) AppleWebKit/537.36 (KHTML, like Gecko) Chrome/47.0.2526.106 Safari/537.36"
37.146.93.134 - - [22/Dec/2015:23:10:28 +0300] "GET /dev8005/admin/ HTTP/1.1" 404 2170 "-" "Mozilla/5.0 (Windows NT 6.1; WOW64) AppleWebKit/537.36 (KHTML, like Gecko) Chrome/47.0.2526.106 Safari/537.36"
37.146.93.134 - - [22/Dec/2015:23:10:45 +0300] "GET /dev8005/admin/ HTTP/1.1" 404 2170 "-" "Mozilla/5.0 (Windows NT 6.1; WOW64) AppleWebKit/537.36 (KHTML, like Gecko) Chrome/47.0.2526.106 Safari/537.36"
37.146.93.134 - - [22/Dec/2015:23:11:09 +0300] "GET /dev8005/helloworld/ HTTP/1.1" 404 2185 "-" "Mozilla/5.0 (Windows NT 6.1; WOW64) AppleWebKit/537.36 (KHTML, like Gecko) Chrome/47.0.2526.106 Safari/537.36"
37.146.93.134 - - [22/Dec/2015:23:11:13 +0300] "GET /helloworld/ HTTP/1.1" 200 21 "-" "Mozilla/5.0 (Windows NT 6.1; WOW64) AppleWebKit/537.36 (KHTML, like Gecko) Chrome/47.0.2526.106 Safari/537.36"
37.146.93.134 - - [22/Dec/2015:23:11:22 +0300] "GET /dev8005 HTTP/1.1" 404 2149 "-" "Mozilla/5.0 (Windows NT 6.1; WOW64) AppleWebKit/537.36 (KHTML, like Gecko) Chrome/47.0.2526.106 Safari/537.36"
37.146.93.134 - - [22/Dec/2015:23:11:35 +0300] "GET /dev8005/ HTTP/1.1" 404 2152 "-" "Mozilla/5.0 (Windows NT 6.1; WOW64) AppleWebKit/537.36 (KHTML, like Gecko) Chrome/47.0.2526.106 Safari/537.36"
37.146.93.134 - - [22/Dec/2015:23:11:52 +0300] "GET /dev8005admin HTTP/1.1" 301 5 "-" "Mozilla/5.0 (Windows NT 6.1; WOW64) AppleWebKit/537.36 (KHTML, like Gecko) Chrome/47.0.2526.106 Safari/537.36"
37.146.93.134 - - [22/Dec/2015:23:11:52 +0300] "GET /admin/ HTTP/1.1" 302 5 "-" "Mozilla/5.0 (Windows NT 6.1; WOW64) AppleWebKit/537.36 (KHTML, like Gecko) Chrome/47.0.2526.106 Safari/537.36"
37.146.93.134 - - [22/Dec/2015:23:11:52 +0300] "GET /admin/login/?next=/admin/ HTTP/1.1" 200 1691 "-" "Mozilla/5.0 (Windows NT 6.1; WOW64) AppleWebKit/537.36 (KHTML, like Gecko) Chrome/47.0.2526.106 Safari/537.36"
37.146.93.134 - - [22/Dec/2015:23:12:04 +0300] "GET /admin/ HTTP/1.1" 302 5 "-" "Mozilla/5.0 (Windows NT 6.1; WOW64) AppleWebKit/537.36 (KHTML, like Gecko) Chrome/47.0.2526.106 Safari/537.36"
37.146.93.134 - - [22/Dec/2015:23:12:05 +0300] "GET /admin/login/?next=/admin/ HTTP/1.1" 200 1691 "-" "Mozilla/5.0 (Windows NT 6.1; WOW64) AppleWebKit/537.36 (KHTML, like Gecko) Chrome/47.0.2526.106 Safari/537.36"
37.146.93.134 - - [22/Dec/2015:23:12:22 +0300] "GET /dev8005/ HTTP/1.1" 404 2152 "-" "Mozilla/5.0 (Windows NT 6.1; WOW64) AppleWebKit/537.36 (KHTML, like Gecko) Chrome/47.0.2526.106 Safari/537.36"
37.146.93.134 - - [22/Dec/2015:23:12:26 +0300] "GET /dev8005 HTTP/1.1" 404 2149 "-" "Mozilla/5.0 (Windows NT 6.1; WOW64) AppleWebKit/537.36 (KHTML, like Gecko) Chrome/47.0.2526.106 Safari/537.36"
37.146.93.134 - - [22/Dec/2015:23:12:40 +0300] "GET /dev8005123 HTTP/1.1" 404 2158 "-" "Mozilla/5.0 (Windows NT 6.1; WOW64) AppleWebKit/537.36 (KHTML, like Gecko) Chrome/47.0.2526.106 Safari/537.36"
37.146.93.134 - - [22/Dec/2015:23:14:36 +0300] "GET / HTTP/1.1" 404 2149 "-" "Mozilla/5.0 (Windows NT 6.1; WOW64) AppleWebKit/537.36 (KHTML, like Gecko) Chrome/47.0.2526.106 Safari/537.36"
37.146.93.134 - - [22/Dec/2015:23:14:41 +0300] "GET /helloworld2 HTTP/1.1" 301 5 "-" "Mozilla/5.0 (Windows NT 6.1; WOW64) AppleWebKit/537.36 (KHTML, like Gecko) Chrome/47.0.2526.106 Safari/537.36"
37.146.93.134 - - [22/Dec/2015:23:14:41 +0300] "GET /helloworld2/ HTTP/1.1" 200 57 "-" "Mozilla/5.0 (Windows NT 6.1; WOW64) AppleWebKit/537.36 (KHTML, like Gecko) Chrome/47.0.2526.106 Safari/537.36"
37.146.93.134 - - [22/Dec/2015:23:14:46 +0300] "GET /8005/ HTTP/1.1" 404 2164 "-" "Mozilla/5.0 (Windows NT 6.1; WOW64) AppleWebKit/537.36 (KHTML, like Gecko) Chrome/47.0.2526.106 Safari/537.36"
37.146.93.134 - - [22/Dec/2015:23:14:57 +0300] "GET /dev8005/ HTTP/1.1" 502 574 "-" "Mozilla/5.0 (Windows NT 6.1; WOW64) AppleWebKit/537.36 (KHTML, like Gecko) Chrome/47.0.2526.106 Safari/537.36"
37.146.93.134 - - [22/Dec/2015:23:15:03 +0300] "GET /dev800/ HTTP/1.1" 404 2170 "-" "Mozilla/5.0 (Windows NT 6.1; WOW64) AppleWebKit/537.36 (KHTML, like Gecko) Chrome/47.0.2526.106 Safari/537.36"
37.146.93.134 - - [22/Dec/2015:23:15:07 +0300] "GET /dev8005/ HTTP/1.1" 502 574 "-" "Mozilla/5.0 (Windows NT 6.1; WOW64) AppleWebKit/537.36 (KHTML, like Gecko) Chrome/47.0.2526.106 Safari/537.36"
31.132.233.252 - l3k [23/Dec/2015:00:46:16 +0300] "GET / HTTP/1.1" 502 172 "-" "python-requests/2.8.1"
31.132.233.252 - l3k [23/Dec/2015:00:46:18 +0300] "GET / HTTP/1.1" 502 172 "-" "python-requests/2.8.1"
31.132.233.252 - l3k [23/Dec/2015:00:46:19 +0300] "GET / HTTP/1.1" 502 172 "-" "python-requests/2.8.1"
31.132.233.252 - l3k [23/Dec/2015:00:46:23 +0300] "GET / HTTP/1.1" 502 172 "-" "python-requests/2.8.1"
31.132.233.252 - l3k [23/Dec/2015:00:46:24 +0300] "GET / HTTP/1.1" 502 172 "-" "python-requests/2.8.1"
64.19.78.243 - - [23/Dec/2015:00:51:39 +0300] "GET / HTTP/1.1" 502 172 "-" "Mozilla/5.0 (iPad; U; CPU OS 3_2_2 like Mac OS X; en-us) AppleWebKit/531.21.10 (KHTML, like Gecko) Version/4.0.4 Mobile/7B500 Safari/531.21.10"
37.146.93.134 - - [23/Dec/2015:00:58:42 +0300] "GET / HTTP/1.1" 404 2149 "-" "Mozilla/5.0 (Windows NT 6.1; WOW64) AppleWebKit/537.36 (KHTML, like Gecko) Chrome/47.0.2526.106 Safari/537.36"
37.146.93.134 - - [23/Dec/2015:00:59:17 +0300] "GET /admin/ HTTP/1.1" 302 5 "-" "Mozilla/5.0 (Windows NT 6.1; WOW64) AppleWebKit/537.36 (KHTML, like Gecko) Chrome/47.0.2526.106 Safari/537.36"
37.146.93.134 - - [23/Dec/2015:00:59:17 +0300] "GET /admin/login/?next=/admin/ HTTP/1.1" 200 1691 "-" "Mozilla/5.0 (Windows NT 6.1; WOW64) AppleWebKit/537.36 (KHTML, like Gecko) Chrome/47.0.2526.106 Safari/537.36"
37.146.93.134 - - [23/Dec/2015:00:59:40 +0300] "POST /admin/login/?next=/admin/ HTTP/1.1" 500 260275 "http://theconscience.ru/admin/login/?next=/admin/" "Mozilla/5.0 (Windows NT 6.1; WOW64) AppleWebKit/537.36 (KHTML, like Gecko) Chrome/47.0.2526.106 Safari/537.36"
94.179.249.109 - - [23/Dec/2015:01:22:57 +0300] "GET / HTTP/1.1" 502 172 "-" "Mozilla/5.0 (Windows NT 5.1; rv:9.0.1) Gecko/20100101 Firefox/9.0.1"
94.179.249.109 - - [23/Dec/2015:01:22:57 +0300] "GET /HNAP1/ HTTP/1.1" 502 172 "-" "Mozilla/5.0 (Windows NT 5.1; rv:9.0.1) Gecko/20100101 Firefox/9.0.1"
104.148.38.2 - - [23/Dec/2015:01:28:17 +0300] "GET http://www.sogou.com/index.html HTTP/1.1" 502 574 "-" "Mozilla/5.0 (compatible; MSIE 8.0; Windows NT 6.1; Trident/5.0)"
104.148.38.2 - - [23/Dec/2015:01:28:18 +0300] "CONNECT www.baidu.com:443 HTTP/1.1" 400 172 "-" "-"
104.148.38.2 - - [23/Dec/2015:03:12:39 +0300] "GET http://www.sogou.com/index.html HTTP/1.1" 502 574 "-" "Mozilla/5.0 (compatible; MSIE 8.0; Windows NT 6.1; Trident/5.0)"
104.148.38.2 - - [23/Dec/2015:03:12:39 +0300] "CONNECT www.baidu.com:443 HTTP/1.1" 400 172 "-" "-"
92.243.117.198 - - [23/Dec/2015:03:26:32 +0300] "GET /index.php?option=com_user&view=register HTTP/1.0" 502 172 "THECONSCIENCE.ru/index.php?option=com_user&view=register" "Mozilla/5.0 (Windows NT 6.3; WOW64; rv:40.0) Gecko/20100101 Firefox/40.0"
72.52.75.27 - - [23/Dec/2015:04:30:24 +0300] "GET / HTTP/1.1" 502 574 "http://burger-imperia.com/" "Mozilla/5.0 (X11; Linux x86_64) AppleWebKit/537.36 (KHTML, like Gecko) Chrome/37.0.2062.120 Safari/537.36"
185.25.151.159 - - [23/Dec/2015:05:16:43 +0300] "GET http://testp4.pospr.waw.pl/testproxy.php HTTP/1.1" 502 172 "-" "Mozilla/5.0 (Windows NT 5.1; rv:32.0) Gecko/20100101 Firefox/31.0"
79.137.223.57 - - [23/Dec/2015:05:21:42 +0300] "GET / HTTP/1.1" 502 574 "http://regidium.ru/" "Mozilla/5.0 (Windows NT 6.1) AppleWebKit/537.36 (KHTML, like Gecko) Chrome/41.0.2228.0 Safari/537.36"
104.148.38.2 - - [23/Dec/2015:05:25:05 +0300] "GET http://www.sogou.com/index.html HTTP/1.1" 502 574 "-" "Mozilla/5.0 (compatible; MSIE 8.0; Windows NT 6.1; Trident/5.0)"
104.148.38.2 - - [23/Dec/2015:05:25:05 +0300] "CONNECT www.baidu.com:443 HTTP/1.1" 400 172 "-" "-"
104.148.38.2 - - [23/Dec/2015:05:31:34 +0300] "GET http://www.haosou.com/ HTTP/1.1" 502 574 "-" "Mozilla/5.0 (compatible; MSIE 8.0; Windows NT 6.1; Trident/5.0)"
104.148.38.2 - - [23/Dec/2015:05:31:34 +0300] "CONNECT www.baidu.com:443 HTTP/1.1" 400 172 "-" "-"
104.148.38.2 - - [23/Dec/2015:06:03:00 +0300] "GET http://www.sogou.com/index.html HTTP/1.1" 502 574 "-" "Mozilla/5.0 (compatible; MSIE 8.0; Windows NT 6.1; Trident/5.0)"
104.148.38.2 - - [23/Dec/2015:06:03:01 +0300] "CONNECT www.alipay.com:443 HTTP/1.1" 400 172 "-" "-"
188.68.224.62 - - [23/Dec/2015:06:08:18 +0300] "GET http://51.254.206.142/httptest.php HTTP/1.1" 502 172 "-" "-"
104.148.38.2 - - [23/Dec/2015:06:37:26 +0300] "GET http://www.sogou.com/index.html HTTP/1.1" 502 574 "-" "Mozilla/5.0 (compatible; MSIE 8.0; Windows NT 6.1; Trident/5.0)"
104.148.38.2 - - [23/Dec/2015:06:37:26 +0300] "CONNECT www.baidu.com:443 HTTP/1.1" 400 172 "-" "-"
185.49.14.190 - - [23/Dec/2015:06:44:54 +0300] "GET http://testp2.czar.bielawa.pl/testproxy.php HTTP/1.1" 502 172 "-" "Mozilla/5.0 (Windows NT 5.1; rv:32.0) Gecko/20100101 Firefox/31.0"
78.46.174.197 - - [23/Dec/2015:07:02:55 +0300] "GET /robots.txt HTTP/1.0" 502 172 "-" "Mozilla/5.0 (compatible; MJ12bot/v1.4.5; http://www.majestic12.co.uk/bot.php?+)"
50.23.69.44 - - [23/Dec/2015:08:00:41 +0300] "GET //myadmin/scripts/setup.php HTTP/1.1" 502 172 "-" "-"
50.23.69.44 - - [23/Dec/2015:08:00:41 +0300] "GET //pma/scripts/setup.php HTTP/1.1" 502 172 "-" "-"
50.23.69.44 - - [23/Dec/2015:08:00:41 +0300] "GET /muieblackcat HTTP/1.1" 502 172 "-" "-"
50.23.69.44 - - [23/Dec/2015:08:00:41 +0300] "GET //phpmyadmin/scripts/setup.php HTTP/1.1" 502 172 "-" "-"
50.23.69.44 - - [23/Dec/2015:08:00:41 +0300] "GET //MyAdmin/scripts/setup.php HTTP/1.1" 502 172 "-" "-"
50.23.69.44 - - [23/Dec/2015:08:00:41 +0300] "GET //phpMyAdmin/scripts/setup.php HTTP/1.1" 502 172 "-" "-"
188.68.224.62 - - [23/Dec/2015:08:35:04 +0300] "GET http://51.254.206.142/httptest.php HTTP/1.1" 502 172 "-" "-"
212.193.117.227 - - [23/Dec/2015:10:17:09 +0300] "GET / HTTP/1.1" 502 172 "" "Mozilla/5.0 (compatible; statdom.ru/Bot; +http://statdom.ru/bot.html)"
188.244.33.218 - - [23/Dec/2015:10:27:14 +0300] "GET / HTTP/1.1" 502 172 "-" "Mozilla/5.0 (Windows NT 5.1; rv:9.0.1) Gecko/20100101 Firefox/9.0.1"
188.244.33.218 - - [23/Dec/2015:10:27:14 +0300] "GET /HNAP1/ HTTP/1.1" 502 172 "http://37.143.13.237/" "Mozilla/5.0 (Windows NT 5.1; rv:9.0.1) Gecko/20100101 Firefox/9.0.1"
188.68.224.62 - - [23/Dec/2015:10:33:41 +0300] "GET http://51.254.206.142/httptest.php HTTP/1.1" 502 172 "-" "-"
188.68.224.62 - - [23/Dec/2015:12:24:58 +0300] "GET http://51.254.206.142/httptest.php HTTP/1.1" 502 172 "-" "-"
185.81.158.242 - - [23/Dec/2015:13:47:55 +0300] "GET /CFIDE/administrator/ HTTP/1.1" 502 172 "-" "-"
104.148.38.2 - - [23/Dec/2015:13:58:53 +0300] "GET http://www.sogou.com/index.html HTTP/1.1" 502 574 "-" "Mozilla/5.0 (compatible; MSIE 8.0; Windows NT 6.1; Trident/5.0)"
104.148.38.2 - - [23/Dec/2015:13:58:53 +0300] "CONNECT www.baidu.com:443 HTTP/1.1" 400 172 "-" "-"
104.148.38.2 - - [23/Dec/2015:14:07:12 +0300] "GET http://www.baidu.com/ HTTP/1.1" 502 574 "-" "Mozilla/5.0 (compatible; MSIE 8.0; Windows NT 6.1; Trident/5.0)"
104.148.38.2 - - [23/Dec/2015:14:07:12 +0300] "CONNECT www.baidu.com:443 HTTP/1.1" 400 172 "-" "-"
188.68.224.62 - - [23/Dec/2015:14:55:03 +0300] "GET http://51.254.206.142/httptest.php HTTP/1.1" 502 172 "-" "-"
104.148.38.2 - - [23/Dec/2015:15:53:08 +0300] "GET http://www.sogou.com/index.html HTTP/1.1" 502 574 "-" "Mozilla/5.0 (compatible; MSIE 8.0; Windows NT 6.1; Trident/5.0)"
104.148.38.2 - - [23/Dec/2015:15:53:09 +0300] "CONNECT www.baidu.com:443 HTTP/1.1" 400 172 "-" "-"
95.108.132.172 - - [23/Dec/2015:15:55:27 +0300] "GET /robots.txt HTTP/1.1" 502 172 "-" "Mozilla/5.0 (compatible; YandexBot/3.0; +http://yandex.com/bots)"
104.148.38.2 - - [23/Dec/2015:16:13:08 +0300] "GET http://www.haosou.com/ HTTP/1.1" 502 574 "-" "Mozilla/5.0 (compatible; MSIE 8.0; Windows NT 6.1; Trident/5.0)"
104.148.38.2 - - [23/Dec/2015:16:13:08 +0300] "CONNECT www.baidu.com:443 HTTP/1.1" 400 172 "-" "-"
130.193.50.6 - - [23/Dec/2015:16:20:42 +0300] "GET / HTTP/1.1" 502 172 "-" "Mozilla/5.0 (compatible; YandexBot/3.0; +http://yandex.com/bots)"
66.102.9.109 - - [23/Dec/2015:17:07:59 +0300] "GET / HTTP/1.1" 502 172 "-" "Mozilla/5.0 (Windows NT 6.1; rv:6.0) Gecko/20110814 Firefox/6.0 Google Favicon"
104.148.38.2 - - [23/Dec/2015:17:29:06 +0300] "GET http://www.baidu.com/ HTTP/1.1" 502 574 "-" "Mozilla/5.0 (compatible; MSIE 8.0; Windows NT 6.1; Trident/5.0)"
104.148.38.2 - - [23/Dec/2015:17:29:06 +0300] "CONNECT www.alipay.com:443 HTTP/1.1" 400 172 "-" "-"
107.150.24.123 - - [23/Dec/2015:17:42:24 +0300] "POST http://107.150.24.123:9005/ HTTP/1.1" 502 172 "-" "NING/1.0"
107.150.24.123 - - [23/Dec/2015:17:42:25 +0300] "GET http://107.150.24.123:9005/ HTTP/1.1" 502 172 "-" "NING/1.0"
107.150.24.123 - - [23/Dec/2015:17:42:25 +0300] "POST http://107.150.24.123:9005/ HTTP/1.1" 502 172 "-" "NING/1.0"
107.150.24.123 - - [23/Dec/2015:17:42:25 +0300] "GET http://107.150.24.123:9005/ HTTP/1.1" 502 172 "-" "NING/1.0"
104.148.38.2 - - [23/Dec/2015:17:55:35 +0300] "GET http://www.sogou.com/index.html HTTP/1.1" 502 574 "-" "Mozilla/5.0 (compatible; MSIE 8.0; Windows NT 6.1; Trident/5.0)"
104.148.38.2 - - [23/Dec/2015:17:55:36 +0300] "CONNECT www.baidu.com:443 HTTP/1.1" 400 172 "-" "-"
91.214.201.107 - - [23/Dec/2015:18:09:55 +0300] "GET / HTTP/1.1" 502 172 "-" "Mozilla/5.0 (Windows NT 5.1; rv:9.0.1) Gecko/20100101 Firefox/9.0.1"
188.68.224.62 - - [23/Dec/2015:18:18:30 +0300] "GET http://51.254.206.142/httptest.php HTTP/1.1" 502 172 "-" "-"
62.109.26.168 - - [23/Dec/2015:18:21:25 +0300] "GET / HTTP/1.1" 502 172 "-" "Go 1.1 package http"
5.165.10.34 - - [23/Dec/2015:19:04:53 +0300] "GET / HTTP/1.1" 502 172 "http://theconscience.ru/" "Mozilla/5.0 (compatible; Googlebot/2.1; +http://www.google.com/bot.html)"
5.165.10.34 - - [23/Dec/2015:19:04:53 +0300] "GET / HTTP/1.1" 502 172 "http://theconscience.ru/" "Mozilla/5.0 (compatible; Googlebot/2.1; +http://www.google.com/bot.html)"
5.165.10.34 - - [23/Dec/2015:19:04:53 +0300] "GET / HTTP/1.1" 502 172 "http://theconscience.ru/" "Mozilla/5.0 (compatible; Googlebot/2.1; +http://www.google.com/bot.html)"
5.165.10.34 - - [23/Dec/2015:19:04:54 +0300] "GET / HTTP/1.1" 502 172 "http://theconscience.ru/" "Mozilla/5.0 (compatible; Googlebot/2.1; +http://www.google.com/bot.html)"
5.165.10.34 - - [23/Dec/2015:19:04:54 +0300] "GET / HTTP/1.1" 502 172 "http://theconscience.ru/" "Mozilla/5.0 (compatible; Googlebot/2.1; +http://www.google.com/bot.html)"
5.165.10.34 - - [23/Dec/2015:19:04:54 +0300] "GET / HTTP/1.1" 502 172 "http://theconscience.ru/" "Mozilla/5.0 (compatible; Googlebot/2.1; +http://www.google.com/bot.html)"
5.165.10.34 - - [23/Dec/2015:19:04:54 +0300] "GET / HTTP/1.1" 502 172 "http://theconscience.ru/" "Mozilla/5.0 (compatible; Googlebot/2.1; +http://www.google.com/bot.html)"
5.165.10.34 - - [23/Dec/2015:19:04:54 +0300] "GET / HTTP/1.1" 502 172 "http://theconscience.ru/" "Mozilla/5.0 (compatible; Googlebot/2.1; +http://www.google.com/bot.html)"
5.165.10.34 - - [23/Dec/2015:19:04:54 +0300] "GET / HTTP/1.1" 502 172 "http://theconscience.ru/" "Mozilla/5.0 (compatible; Googlebot/2.1; +http://www.google.com/bot.html)"
5.165.10.34 - - [23/Dec/2015:19:04:54 +0300] "GET / HTTP/1.1" 502 172 "http://theconscience.ru/" "Mozilla/5.0 (compatible; Googlebot/2.1; +http://www.google.com/bot.html)"
104.148.38.2 - - [23/Dec/2015:19:14:58 +0300] "GET http://www.baidu.com/ HTTP/1.1" 502 574 "-" "Mozilla/5.0 (compatible; MSIE 8.0; Windows NT 6.1; Trident/5.0)"
104.148.38.2 - - [23/Dec/2015:19:14:58 +0300] "CONNECT www.baidu.com:443 HTTP/1.1" 400 172 "-" "-"
104.148.38.2 - - [23/Dec/2015:20:22:03 +0300] "GET http://www.haosou.com/ HTTP/1.1" 502 574 "-" "Mozilla/5.0 (compatible; MSIE 8.0; Windows NT 6.1; Trident/5.0)"
104.148.38.2 - - [23/Dec/2015:20:22:03 +0300] "CONNECT www.baidu.com:443 HTTP/1.1" 400 172 "-" "-"
188.68.224.62 - - [23/Dec/2015:20:38:17 +0300] "GET http://51.254.206.142/httptest.php HTTP/1.1" 502 172 "-" "-"
104.148.38.2 - - [23/Dec/2015:21:17:44 +0300] "GET http://www.sogou.com/index.html HTTP/1.1" 502 574 "-" "Mozilla/5.0 (compatible; MSIE 8.0; Windows NT 6.1; Trident/5.0)"
104.148.38.2 - - [23/Dec/2015:21:17:45 +0300] "CONNECT www.baidu.com:443 HTTP/1.1" 400 172 "-" "-"
188.68.224.62 - - [23/Dec/2015:22:40:33 +0300] "GET http://51.254.206.142/httptest.php HTTP/1.1" 502 172 "-" "-"
188.68.224.62 - - [23/Dec/2015:22:42:26 +0300] "GET http://51.254.206.142/httptest.php HTTP/1.1" 502 172 "-" "-"
52.77.240.133 - - [23/Dec/2015:23:48:54 +0300] "GET / HTTP/1.1" 502 172 "-" "Mozilla/5.0 (Windows NT 5.1; rv:9.0.1) Gecko/20100101 Firefox/9.0.1"
52.77.240.133 - - [23/Dec/2015:23:48:55 +0300] "GET /HNAP1/ HTTP/1.1" 502 172 "-" "Mozilla/5.0 (Windows NT 5.1; rv:9.0.1) Gecko/20100101 Firefox/9.0.1"
185.35.62.11 - - [24/Dec/2015:00:00:24 +0300] "GET / HTTP/1.1" 502 172 "-" "Mozilla/5.0 zgrab/0.x"
104.148.38.2 - - [24/Dec/2015:00:09:45 +0300] "GET http://www.sogou.com/index.html HTTP/1.1" 502 574 "-" "Mozilla/5.0 (compatible; MSIE 8.0; Windows NT 6.1; Trident/5.0)"
104.148.38.2 - - [24/Dec/2015:00:09:45 +0300] "CONNECT www.alipay.com:443 HTTP/1.1" 400 172 "-" "-"
188.68.224.62 - - [24/Dec/2015:00:58:30 +0300] "GET http://51.254.206.142/httptest.php HTTP/1.1" 502 172 "-" "-"
185.106.92.44 - - [24/Dec/2015:00:59:23 +0300] "HEAD / HTTP/1.1" 502 0 "-" "curl/7.38.0"
185.106.92.44 - - [24/Dec/2015:00:59:24 +0300] "HEAD / HTTP/1.1" 502 0 "-" "curl/7.38.0"
104.148.38.2 - - [24/Dec/2015:02:20:10 +0300] "GET http://www.baidu.com/ HTTP/1.1" 502 574 "-" "Mozilla/5.0 (compatible; MSIE 8.0; Windows NT 6.1; Trident/5.0)"
104.148.38.2 - - [24/Dec/2015:02:20:12 +0300] "CONNECT www.alipay.com:443 HTTP/1.1" 400 172 "-" "-"
188.68.224.62 - - [24/Dec/2015:02:27:19 +0300] "GET http://51.254.206.142/httptest.php HTTP/1.1" 502 172 "-" "-"
66.249.75.117 - - [24/Dec/2015:02:34:14 +0300] "GET /robots.txt HTTP/1.1" 502 172 "-" "Mozilla/5.0 (compatible; Googlebot/2.1; +http://www.google.com/bot.html)"
188.68.224.62 - - [24/Dec/2015:02:55:04 +0300] "GET http://51.254.206.142/httptest.php HTTP/1.1" 502 172 "-" "-"
104.148.38.2 - - [24/Dec/2015:03:57:55 +0300] "GET http://www.baidu.com/ HTTP/1.1" 502 574 "-" "Mozilla/5.0 (compatible; MSIE 8.0; Windows NT 6.1; Trident/5.0)"
104.148.38.2 - - [24/Dec/2015:03:57:56 +0300] "CONNECT www.baidu.com:443 HTTP/1.1" 400 172 "-" "-"
187.63.160.3 - - [24/Dec/2015:04:02:06 +0300] "POST /cgi-bin/php?%2D%64+%61%6C%6C%6F%77%5F%75%72%6C%5F%69%6E%63%6C%75%64%65%3D%6F%6E+%2D%64+%73%61%66%65%5F%6D%6F%64%65%3D%6F%66%66+%2D%64+%73%75%68%6F%73%69%6E%2E%73%69%6D%75%6C%61%74%69%6F%6E%3D%6F%6E+%2D%64+%64%69%73%61%62%6C%65%5F%66%75%6E%63%74%69%6F%6E%73%3D%22%22+%2D%64+%6F%70%65%6E%5F%62%61%73%65%64%69%72%3D%6E%6F%6E%65+%2D%64+%61%75%74%6F%5F%70%72%65%70%65%6E%64%5F%66%69%6C%65%3D%70%68%70%3A%2F%2F%69%6E%70%75%74+%2D%64+%63%67%69%2E%66%6F%72%63%65%5F%72%65%64%69%72%65%63%74%3D%30+%2D%64+%63%67%69%2E%72%65%64%69%72%65%63%74%5F%73%74%61%74%75%73%5F%65%6E%76%3D%30+%2D%6E HTTP/1.1" 502 172 "-" "Mozilla/5.0 (iPad; CPU OS 6_0 like Mac OS X) AppleWebKit/536.26(KHTML, like Gecko) Version/6.0 Mobile/10A5355d Safari/8536.25"
188.68.224.62 - - [24/Dec/2015:04:19:05 +0300] "GET http://51.254.206.142/httptest.php HTTP/1.1" 502 172 "-" "-"
188.68.224.62 - - [24/Dec/2015:04:35:33 +0300] "GET http://51.254.206.142/httptest.php HTTP/1.1" 502 172 "-" "-"
79.137.223.57 - - [24/Dec/2015:05:02:46 +0300] "GET / HTTP/1.1" 502 574 "http://regidium.ru/" "Mozilla/5.0 (Windows NT 6.1) AppleWebKit/537.36 (KHTML, like Gecko) Chrome/41.0.2228.0 Safari/537.36"
104.148.38.2 - - [24/Dec/2015:06:04:15 +0300] "GET http://www.baidu.com/ HTTP/1.1" 502 574 "-" "Mozilla/5.0 (compatible; MSIE 8.0; Windows NT 6.1; Trident/5.0)"
104.148.38.2 - - [24/Dec/2015:06:04:15 +0300] "CONNECT www.alipay.com:443 HTTP/1.1" 400 172 "-" "-"
62.210.97.48 - - [24/Dec/2015:06:22:17 +0300] "GET /robots.txt HTTP/1.0" 502 172 "-" "Mozilla/5.0 (compatible; MJ12bot/v1.4.5; http://www.majestic12.co.uk/bot.php?+)"
104.148.38.2 - - [24/Dec/2015:06:35:12 +0300] "GET http://www.baidu.com/ HTTP/1.1" 502 574 "-" "Mozilla/5.0 (compatible; MSIE 8.0; Windows NT 6.1; Trident/5.0)"
104.148.38.2 - - [24/Dec/2015:06:35:13 +0300] "CONNECT www.baidu.com:443 HTTP/1.1" 400 172 "-" "-"
188.68.224.62 - - [24/Dec/2015:07:04:18 +0300] "GET http://51.254.206.142/httptest.php HTTP/1.1" 502 172 "-" "-"
188.68.224.62 - - [24/Dec/2015:07:05:20 +0300] "GET http://51.254.206.142/httptest.php HTTP/1.1" 502 172 "-" "-"
198.20.69.98 - - [24/Dec/2015:07:06:19 +0300] "GET / HTTP/1.1" 502 172 "-" "-"
198.20.69.98 - - [24/Dec/2015:07:06:20 +0300] "GET /robots.txt HTTP/1.1" 502 172 "-" "-"
188.68.224.62 - - [24/Dec/2015:07:06:20 +0300] "GET http://51.254.206.142/httptest.php HTTP/1.1" 502 172 "-" "-"
198.20.69.98 - - [24/Dec/2015:07:06:20 +0300] "GET /sitemap.xml HTTP/1.1" 502 172 "-" "-"
198.20.69.98 - - [24/Dec/2015:07:06:34 +0300] "GET / HTTP/1.1" 502 172 "-" "-"
198.20.69.98 - - [24/Dec/2015:07:06:35 +0300] "GET /robots.txt HTTP/1.1" 502 172 "-" "-"
198.20.69.98 - - [24/Dec/2015:07:06:35 +0300] "GET /sitemap.xml HTTP/1.1" 502 172 "-" "-"
188.68.224.62 - - [24/Dec/2015:07:07:14 +0300] "GET http://51.254.206.142/httptest.php HTTP/1.1" 502 172 "-" "-"
188.68.224.62 - - [24/Dec/2015:07:08:19 +0300] "GET http://51.254.206.142/httptest.php HTTP/1.1" 502 172 "-" "-"
188.68.224.62 - - [24/Dec/2015:07:09:20 +0300] "GET http://51.254.206.142/httptest.php HTTP/1.1" 502 172 "-" "-"
188.68.224.62 - - [24/Dec/2015:07:10:51 +0300] "GET http://51.254.206.142/httptest.php HTTP/1.1" 502 172 "-" "-"
188.68.224.62 - - [24/Dec/2015:07:11:15 +0300] "GET http://51.254.206.142/httptest.php HTTP/1.1" 502 172 "-" "-"
188.68.224.62 - - [24/Dec/2015:07:12:19 +0300] "GET http://51.254.206.142/httptest.php HTTP/1.1" 502 172 "-" "-"
188.68.224.62 - - [24/Dec/2015:07:13:18 +0300] "GET http://51.254.206.142/httptest.php HTTP/1.1" 502 172 "-" "-"
188.68.224.62 - - [24/Dec/2015:07:14:14 +0300] "GET http://51.254.206.142/httptest.php HTTP/1.1" 502 172 "-" "-"
188.68.224.62 - - [24/Dec/2015:07:15:43 +0300] "GET http://51.254.206.142/httptest.php HTTP/1.1" 502 172 "-" "-"
188.68.224.62 - - [24/Dec/2015:07:47:14 +0300] "GET http://51.254.206.142/httptest.php HTTP/1.1" 502 172 "-" "-"
188.68.224.62 - - [24/Dec/2015:07:51:31 +0300] "GET http://51.254.206.142/httptest.php HTTP/1.1" 502 172 "-" "-"
104.148.38.2 - - [24/Dec/2015:09:10:37 +0300] "GET http://www.baidu.com/ HTTP/1.1" 502 574 "-" "Mozilla/5.0 (compatible; MSIE 8.0; Windows NT 6.1; Trident/5.0)"
104.148.38.2 - - [24/Dec/2015:09:10:37 +0300] "CONNECT www.alipay.com:443 HTTP/1.1" 400 172 "-" "-"
188.68.224.62 - - [24/Dec/2015:09:36:31 +0300] "GET http://51.254.206.142/httptest.php HTTP/1.1" 502 172 "-" "-"
46.150.95.63 - - [24/Dec/2015:09:51:45 +0300] "GET / HTTP/1.1" 502 574 "https://www.google.com" "Mozilla/5.0 (Windows NT 10.0; WOW64) AppleWebKit/537.36 (KHTML, like Gecko) Chrome/47.0.2526.106 Safari/537.36"
66.249.75.101 - - [24/Dec/2015:10:31:28 +0300] "GET /robots.txt HTTP/1.1" 502 172 "-" "Mozilla/5.0 (compatible; Googlebot/2.1; +http://www.google.com/bot.html)"
66.102.9.89 - - [24/Dec/2015:10:59:12 +0300] "GET / HTTP/1.1" 502 172 "-" "Mozilla/5.0 (Windows NT 6.1; rv:6.0) Gecko/20110814 Firefox/6.0 Google Favicon"
104.148.38.2 - - [24/Dec/2015:12:32:19 +0300] "GET http://www.baidu.com/ HTTP/1.1" 502 574 "-" "Mozilla/5.0 (compatible; MSIE 8.0; Windows NT 6.1; Trident/5.0)"
104.148.38.2 - - [24/Dec/2015:12:32:19 +0300] "CONNECT www.alipay.com:443 HTTP/1.1" 400 172 "-" "-"
141.212.122.129 - - [24/Dec/2015:12:53:36 +0300] "CONNECT proxytest.zmap.io:80 HTTP/1.1" 400 172 "-" "-"
130.193.50.6 - - [24/Dec/2015:13:43:32 +0300] "GET /robots.txt HTTP/1.1" 502 172 "-" "Mozilla/5.0 (compatible; YandexBot/3.0; +http://yandex.com/bots)"
95.108.132.172 - - [24/Dec/2015:13:43:36 +0300] "GET / HTTP/1.1" 502 172 "-" "Mozilla/5.0 (compatible; YandexBot/3.0; +http://yandex.com/bots)"
141.8.132.87 - - [24/Dec/2015:13:43:39 +0300] "GET /robots.txt HTTP/1.1" 502 172 "-" "Mozilla/5.0 (compatible; YandexBot/3.0; +http://yandex.com/bots)"
5.255.253.100 - - [24/Dec/2015:13:43:43 +0300] "GET / HTTP/1.1" 502 172 "-" "Mozilla/5.0 (compatible; YandexBot/3.0; +http://yandex.com/bots)"
46.167.245.172 - - [24/Dec/2015:13:49:22 +0300] "GET / HTTP/1.1" 502 574 "http://burger-imperia.com/" "Mozilla/5.0 (X11; Linux x86_64) AppleWebKit/537.36 (KHTML, like Gecko) Chrome/37.0.2062.120 Safari/537.36"
104.148.38.2 - - [24/Dec/2015:13:52:20 +0300] "GET http://www.baidu.com/ HTTP/1.1" 502 574 "-" "Mozilla/5.0 (compatible; MSIE 8.0; Windows NT 6.1; Trident/5.0)"
104.148.38.2 - - [24/Dec/2015:13:52:21 +0300] "CONNECT www.alipay.com:443 HTTP/1.1" 400 172 "-" "-"
62.210.162.182 - - [24/Dec/2015:14:09:49 +0300] "GET / HTTP/1.1" 502 172 "-" "Ruby"
128.232.110.29 - - [24/Dec/2015:14:58:54 +0300] "GET / HTTP/1.1" 502 172 "-" "Mozilla/5.0 zgrab/0.x"
104.148.38.2 - - [24/Dec/2015:15:52:09 +0300] "GET http://www.sogou.com/index.html HTTP/1.1" 502 574 "-" "Mozilla/5.0 (compatible; MSIE 8.0; Windows NT 6.1; Trident/5.0)"
104.148.38.2 - - [24/Dec/2015:15:52:10 +0300] "CONNECT www.alipay.com:443 HTTP/1.1" 400 172 "-" "-"
104.148.38.2 - - [24/Dec/2015:15:58:34 +0300] "GET http://www.haosou.com/ HTTP/1.1" 502 574 "-" "Mozilla/5.0 (compatible; MSIE 8.0; Windows NT 6.1; Trident/5.0)"
104.148.38.2 - - [24/Dec/2015:15:58:35 +0300] "CONNECT www.alipay.com:443 HTTP/1.1" 400 172 "-" "-"
104.148.38.2 - - [24/Dec/2015:16:04:40 +0300] "GET http://www.baidu.com/ HTTP/1.1" 502 574 "-" "Mozilla/5.0 (compatible; MSIE 8.0; Windows NT 6.1; Trident/5.0)"
104.148.38.2 - - [24/Dec/2015:16:04:41 +0300] "CONNECT www.alipay.com:443 HTTP/1.1" 400 172 "-" "-"
104.148.38.2 - - [24/Dec/2015:16:46:29 +0300] "GET http://www.haosou.com/ HTTP/1.1" 502 574 "-" "Mozilla/5.0 (compatible; MSIE 8.0; Windows NT 6.1; Trident/5.0)"
104.148.38.2 - - [24/Dec/2015:16:46:29 +0300] "CONNECT www.baidu.com:443 HTTP/1.1" 400 172 "-" "-"
104.148.38.2 - - [24/Dec/2015:17:24:44 +0300] "GET http://www.baidu.com/ HTTP/1.1" 502 574 "-" "Mozilla/5.0 (compatible; MSIE 8.0; Windows NT 6.1; Trident/5.0)"
104.148.38.2 - - [24/Dec/2015:17:24:45 +0300] "CONNECT www.alipay.com:443 HTTP/1.1" 400 172 "-" "-"
82.146.58.161 - - [24/Dec/2015:18:00:02 +0300] "GET / HTTP/1.1" 502 172 "-" "Go 1.1 package http"
93.174.93.218 - - [24/Dec/2015:18:58:04 +0300] "GET http://httpheader.net HTTP/1.1" 502 172 "-" "Mozilla/5.0 (Windows; U; Windows NT 6.1; en-US; rv:1.9.2.28) Gecko/20120306 Firefox/3.6.28 (.NET CLR 3.5.30729)"
93.174.93.218 - - [24/Dec/2015:18:58:05 +0300] "\x04\x01\x00P\xA3\xAC\x07\xA20\x00" 400 172 "-" "-"
93.174.93.218 - - [24/Dec/2015:18:58:05 +0300] "\x04\x01\x00P\xA3\xAC\x07\xA20\x00" 400 172 "-" "-"
93.174.93.218 - - [24/Dec/2015:18:58:05 +0300] "\x05\x01\x00" 400 172 "-" "-"
220.167.100.13 - - [24/Dec/2015:21:16:58 +0300] "GET /manager/html HTTP/1.1" 502 172 "-" "Mozilla/3.0 (compatible; Indy Library)"
104.148.38.2 - - [24/Dec/2015:21:27:23 +0300] "GET http://www.sogou.com/index.html HTTP/1.1" 502 574 "-" "Mozilla/5.0 (compatible; MSIE 8.0; Windows NT 6.1; Trident/5.0)"
104.148.38.2 - - [24/Dec/2015:21:28:58 +0300] "CONNECT www.baidu.com:443 HTTP/1.1" 400 172 "-" "-"
64.246.178.34 - - [24/Dec/2015:22:03:28 +0300] "GET /robots.txt HTTP/1.0" 502 172 "-" "Mozilla/5.0 (Windows; U; Windows NT 5.1; en; rv:1.9.0.13) Gecko/2009073022 Firefox/3.5.2 (.NET CLR 3.5.30729) SurveyBot/2.3 (DomainTools)"
64.246.178.34 - - [24/Dec/2015:22:03:28 +0300] "GET / HTTP/1.1" 502 172 "http://whois.domaintools.com/theconscience.ru" "Mozilla/5.0 (Windows; U; Windows NT 5.1; en; rv:1.9.0.13) Gecko/2009073022 Firefox/3.5.2 (.NET CLR 3.5.30729) SurveyBot/2.3 (DomainTools)"
66.102.9.109 - - [24/Dec/2015:22:51:11 +0300] "GET / HTTP/1.1" 502 172 "-" "Mozilla/5.0 (Windows NT 6.1; rv:6.0) Gecko/20110814 Firefox/6.0 Google Favicon"
104.148.38.2 - - [25/Dec/2015:00:17:41 +0300] "GET http://www.haosou.com/ HTTP/1.1" 502 574 "-" "Mozilla/5.0 (compatible; MSIE 8.0; Windows NT 6.1; Trident/5.0)"
104.148.38.2 - - [25/Dec/2015:00:17:41 +0300] "CONNECT www.alipay.com:443 HTTP/1.1" 400 172 "-" "-"
71.183.122.228 - - [25/Dec/2015:00:24:56 +0300] "HEAD / HTTP/1.0" 502 0 "-" "-"
104.148.38.2 - - [25/Dec/2015:02:35:35 +0300] "GET http://www.baidu.com/ HTTP/1.1" 502 574 "-" "Mozilla/5.0 (compatible; MSIE 8.0; Windows NT 6.1; Trident/5.0)"
104.148.38.2 - - [25/Dec/2015:02:35:36 +0300] "CONNECT www.baidu.com:443 HTTP/1.1" 400 172 "-" "-"
104.148.38.2 - - [25/Dec/2015:03:11:34 +0300] "GET http://www.baidu.com/ HTTP/1.1" 502 574 "-" "Mozilla/5.0 (compatible; MSIE 8.0; Windows NT 6.1; Trident/5.0)"
104.148.38.2 - - [25/Dec/2015:03:11:35 +0300] "CONNECT www.baidu.com:443 HTTP/1.1" 400 172 "-" "-"
91.196.50.33 - - [25/Dec/2015:03:33:42 +0300] "GET http://testp2.czar.bielawa.pl/testproxy.php HTTP/1.1" 502 172 "-" "Mozilla/5.0 (Windows NT 5.1; rv:32.0) Gecko/20100101 Firefox/31.0"
79.137.223.57 - - [25/Dec/2015:04:56:57 +0300] "GET / HTTP/1.1" 502 574 "http://hostx.ru/" "Mozilla/5.0 (Windows NT 6.1) AppleWebKit/537.36 (KHTML, like Gecko) Chrome/41.0.2228.0 Safari/537.36"
185.106.94.16 - - [25/Dec/2015:05:08:55 +0300] "HEAD / HTTP/1.1" 502 0 "-" "curl/7.26.0"
185.106.94.16 - - [25/Dec/2015:05:08:56 +0300] "HEAD / HTTP/1.1" 502 0 "-" "curl/7.26.0"
66.249.69.143 - - [25/Dec/2015:06:44:38 +0300] "GET /robots.txt HTTP/1.1" 502 172 "-" "Mozilla/5.0 (compatible; Googlebot/2.1; +http://www.google.com/bot.html)"
66.249.75.101 - - [25/Dec/2015:07:06:11 +0300] "GET /robots.txt HTTP/1.1" 502 172 "-" "Mozilla/5.0 (compatible; Googlebot/2.1; +http://www.google.com/bot.html)"
185.60.133.162 - - [25/Dec/2015:09:45:56 +0300] "GET / HTTP/1.1" 502 172 "-" "-"
66.249.75.117 - - [25/Dec/2015:10:14:54 +0300] "GET /robots.txt HTTP/1.1" 502 172 "-" "Mozilla/5.0 (compatible; Googlebot/2.1; +http://www.google.com/bot.html)"
104.148.38.2 - - [25/Dec/2015:10:30:33 +0300] "GET http://www.haosou.com/ HTTP/1.1" 502 574 "-" "Mozilla/5.0 (compatible; MSIE 8.0; Windows NT 6.1; Trident/5.0)"
104.148.38.2 - - [25/Dec/2015:10:30:34 +0300] "CONNECT www.baidu.com:443 HTTP/1.1" 400 172 "-" "-"
95.108.132.172 - - [25/Dec/2015:10:31:17 +0300] "GET /robots.txt HTTP/1.1" 502 172 "-" "Mozilla/5.0 (compatible; YandexBot/3.0; +http://yandex.com/bots)"
104.148.38.2 - - [25/Dec/2015:10:44:49 +0300] "GET http://www.baidu.com/ HTTP/1.1" 502 574 "-" "Mozilla/5.0 (compatible; MSIE 8.0; Windows NT 6.1; Trident/5.0)"
104.148.38.2 - - [25/Dec/2015:10:44:50 +0300] "CONNECT www.baidu.com:443 HTTP/1.1" 400 172 "-" "-"
136.243.5.87 - - [25/Dec/2015:10:55:26 +0300] "GET /robots.txt HTTP/1.0" 502 172 "-" "Mozilla/5.0 (compatible; MJ12bot/v1.4.5; http://www.majestic12.co.uk/bot.php?+)"
104.148.38.2 - - [25/Dec/2015:11:01:51 +0300] "GET http://www.haosou.com/ HTTP/1.1" 502 574 "-" "Mozilla/5.0 (compatible; MSIE 8.0; Windows NT 6.1; Trident/5.0)"
104.148.38.2 - - [25/Dec/2015:11:01:52 +0300] "CONNECT www.baidu.com:443 HTTP/1.1" 400 172 "-" "-"
104.148.38.2 - - [25/Dec/2015:12:04:54 +0300] "GET http://www.baidu.com/ HTTP/1.1" 502 574 "-" "Mozilla/5.0 (compatible; MSIE 8.0; Windows NT 6.1; Trident/5.0)"
104.148.38.2 - - [25/Dec/2015:12:04:54 +0300] "CONNECT www.alipay.com:443 HTTP/1.1" 400 172 "-" "-"
66.102.9.109 - - [25/Dec/2015:12:07:37 +0300] "GET / HTTP/1.1" 502 172 "-" "Mozilla/5.0 (Windows NT 6.1; rv:6.0) Gecko/20110814 Firefox/6.0 Google Favicon"
104.148.38.2 - - [25/Dec/2015:12:15:53 +0300] "GET http://www.sogou.com/index.html HTTP/1.1" 502 574 "-" "Mozilla/5.0 (compatible; MSIE 8.0; Windows NT 6.1; Trident/5.0)"
104.148.38.2 - - [25/Dec/2015:12:15:53 +0300] "CONNECT www.alipay.com:443 HTTP/1.1" 400 172 "-" "-"
130.193.50.6 - - [25/Dec/2015:12:39:08 +0300] "GET / HTTP/1.1" 502 172 "-" "Mozilla/5.0 (compatible; YandexBot/3.0; +http://yandex.com/bots)"
66.249.75.109 - - [25/Dec/2015:13:10:52 +0300] "GET /robots.txt HTTP/1.1" 502 172 "-" "Mozilla/5.0 (compatible; Googlebot/2.1; +http://www.google.com/bot.html)"
66.249.69.137 - - [25/Dec/2015:13:41:39 +0300] "GET /robots.txt HTTP/1.1" 502 172 "-" "Mozilla/5.0 (compatible; Googlebot/2.1; +http://www.google.com/bot.html)"
104.148.38.2 - - [25/Dec/2015:14:55:24 +0300] "GET http://www.baidu.com/ HTTP/1.1" 502 574 "-" "Mozilla/5.0 (compatible; MSIE 8.0; Windows NT 6.1; Trident/5.0)"
104.148.38.2 - - [25/Dec/2015:14:55:25 +0300] "CONNECT www.baidu.com:443 HTTP/1.1" 400 172 "-" "-"
66.249.75.117 - - [25/Dec/2015:15:54:41 +0300] "GET /robots.txt HTTP/1.1" 502 172 "-" "Mozilla/5.0 (compatible; Googlebot/2.1; +http://www.google.com/bot.html)"
141.8.183.11 - - [25/Dec/2015:15:55:50 +0300] "GET /robots.txt HTTP/1.1" 502 172 "-" "Mozilla/5.0 (compatible; YandexBot/3.0; +http://yandex.com/bots)"
130.193.51.105 - - [25/Dec/2015:16:09:48 +0300] "GET / HTTP/1.1" 502 172 "-" "Mozilla/5.0 (compatible; YandexBot/3.0; +http://yandex.com/bots)"
104.148.38.2 - - [25/Dec/2015:16:29:13 +0300] "GET http://www.baidu.com/ HTTP/1.1" 502 574 "-" "Mozilla/5.0 (compatible; MSIE 8.0; Windows NT 6.1; Trident/5.0)"
104.148.38.2 - - [25/Dec/2015:16:29:15 +0300] "CONNECT www.baidu.com:443 HTTP/1.1" 400 172 "-" "-"
104.148.38.2 - - [25/Dec/2015:17:21:15 +0300] "GET http://www.baidu.com/ HTTP/1.1" 502 574 "-" "Mozilla/5.0 (compatible; MSIE 8.0; Windows NT 6.1; Trident/5.0)"
104.148.38.2 - - [25/Dec/2015:17:21:36 +0300] "CONNECT www.baidu.com:443 HTTP/1.1" 400 172 "-" "-"
61.216.2.14 - - [25/Dec/2015:18:14:22 +0300] "\x01\x01\x01\x01\x01\x01\x01\x01\x01\x01\x01\x01\x01\x01\x01\x01\x01\x01\x01\x01\x01\x01\x01\x01\x01\x01\x01\x01\x01\x01\x01\x01\x01\x01\x01\x01\x01\x01\x01\x01\x01\x01\x01\x01\x01\x01\x01\x01\x01\x01\x01\x01\x01\x01\x01\x01\x01\x01\x01\x01\x01\x01\x01\x01\x01\x01\x01\x01\x01\x01\x01\x01\x01\x01\x01\x01\x01\x01\x01\x01\x01\x01\x01\x01\x01\x01\x01\x01\x01\x01\x01\x01\x01\x01\x01\x01\x01\x01\x01\x01\x01\x01\x01\x01\x01\x01\x01\x01\x01\x01\x01\x01\x01\x01\x01\x01\x01\x01\x01\x01\x01\x01\x01\x01\x01\x01\x01\x01\x01\x01\x01\x01\x01\x01\x01\x01\x01\x01\x01\x01\x01\x01\x01\x01\x01\x01\x01\x01\x01\x01\x01\x01\x01\x01\x01\x01\x01\x01\x01\x01\x01\x01\x01\x01\x01\x01\x01\x01\x01\x01\x01\x01\x01\x01\x01\x01\x01\x01\x01\x01\x01\x01\x01\x01\x01\x01\x01\x01\x01\x01\x01\x01\x01\x01\x01\x01\x01\x01\x01\x01\x01\x01\x01\x01\x01\x01\x01\x01\x01\x01\x01\x01\x01\x01\x01\x01\x01\x01\x01\x01\x01\x01\x01\x01\x01\x01\x01\x01\x01\x01\x01\x01\x01\x01\x01\x01\x01\x01\x01\x01\x01\x01\x01\x01\x01\x01\x01\x01\x01\x01\x01\x01\x01\x01\x01\x01" 400 172 "-" "-"
188.114.51.202 - - [25/Dec/2015:19:03:21 +0300] "GET /wp-login.php HTTP/1.1" 502 172 "http://theconscience.ru/wp-login.php" "Opera/9.80 (Windows NT 6.0) Presto/2.12.388 Version/12.14"
66.249.75.109 - - [25/Dec/2015:19:08:11 +0300] "GET /robots.txt HTTP/1.1" 502 172 "-" "Mozilla/5.0 (compatible; Googlebot/2.1; +http://www.google.com/bot.html)"
104.148.38.2 - - [25/Dec/2015:19:21:50 +0300] "GET http://www.baidu.com/ HTTP/1.1" 502 574 "-" "Mozilla/5.0 (compatible; MSIE 8.0; Windows NT 6.1; Trident/5.0)"
104.148.38.2 - - [25/Dec/2015:19:21:51 +0300] "CONNECT www.alipay.com:443 HTTP/1.1" 400 172 "-" "-"
66.249.69.137 - - [25/Dec/2015:19:29:16 +0300] "GET /robots.txt HTTP/1.1" 502 172 "-" "Mozilla/5.0 (compatible; Googlebot/2.1; +http://www.google.com/bot.html)"
104.148.38.2 - - [25/Dec/2015:20:02:34 +0300] "GET http://www.sogou.com/index.html HTTP/1.1" 502 574 "-" "Mozilla/5.0 (compatible; MSIE 8.0; Windows NT 6.1; Trident/5.0)"
